I'm sorry, but errors were detected in your script. Please correct the
errors listed below, and try again.


File "game/gui.rpy", line 1: expected statement.
    ﻿
    ^

File "game/gui.rpy", line 28: expected statement.
    极 namebox_right:
                 ^

File "game/gui.rpy", line 133: style property text极align is not known.
    text极align 0.5
            ^

File "game/screens.rpy", line 1: expected statement.
    ﻿screen say(who, what):
             ^

File "game/script.rpy", line 1: expected statement.
    ﻿init python:
              ^

Ren'Py Version: Ren'Py 8.4.1.25072401
Sun Sep 21 13:40:37 2025
